// Jest Snapshot v1, https://goo.gl/fbAQLP

exports[`Pruebas en el <CounterApp /> Debe mostar <CounterApp /> correctmante 1`] = `
<div>
  <h1>
     Counter App 
  </h1>
  <h2>
     
    10
     
  </h2>
  <button
    onClick={[Function]}
  >
     +1 
  </button>
  <button
    onClick={[Function]}
  >
     Reset 
  </button>
   
  <button
    onClick={[Function]}
  >
     -1 
  </button>
</div>
`;
