// Jest Snapshot v1, https://goo.gl/fbAQLP

exports[`Prueba en Primera App Debe de mostrar PrimerApp correctamente 1`] = `
<Fragment>
  <h1>
    Hola soy Goku
  </h1>
  <p>
    Soy un subtitulo
  </p>
</Fragment>
`;
